<?xml version="1.0" encoding="UTF-8"?>
<Ipf_Job_Order>
   <Ipf_Conf xmlns:xsi="http://www.w3.org/2001/XMLSchema-instance" xsi:type="l0JobOrderConf">
      <Processor_Name>MBU_PROC</Processor_Name>
      <Version>01.10</Version>
      <Stdout_Log_Level>DEBUG</Stdout_Log_Level>
      <Stderr_Log_Level>INFO</Stderr_Log_Level>
      <Test>true</Test>
      <Breakpoint_Enable>false</Breakpoint_Enable>
      <Processing_Station>WILE</Processing_Station>
      <Sensing_Time>
         <Start>20200120_164703429756</Start>
         <Stop>20200120_171245024909</Stop>
      </Sensing_Time>
      <Config_Files>
         <Conf_File_Name>/usr/local/components/MBU/conf/mbu_s1_pdgs.conf</Conf_File_Name>
      </Config_Files>
      <Dynamic_Processing_Parameters/>
      <List_of_Dynamic_Processing_Parameters count="0"/>
   </Ipf_Conf>
   <List_of_Ipf_Procs count="1">
      <Ipf_Proc xmlns:xsi="http://www.w3.org/2001/XMLSchema-instance" xsi:type="standardJobOrderProc">
         <Task_Name>MBU</Task_Name>
         <Task_Version>01.00</Task_Version>
         <List_of_Inputs count="1">
            <Input>
               <File_Type>WV_OCN__2S</File_Type>
               <File_Name_Type>Physical</File_Name_Type>
               <List_of_File_Names count="1">
                  <File_Name>/data/localWD/123/S1B_WV_OCN__2SSV_20200120T164703_20200120T171244_019903_025A64_140C.SAFE</File_Name>
               </List_of_File_Names>
               <List_of_Time_Intervals count="1">
                  <Time_Interval>
                     <Start>2020-01-20T16:47:03.429756Z</Start>
                     <Stop>2020-01-20T17:12:45.024909Z</Stop>
                     <File_Name>/data/localWD/123/S1B_WV_OCN__2SSV_20200120T164703_20200120T171244_019903_025A64_140C.SAFE</File_Name>
                  </Time_Interval>
               </List_of_Time_Intervals>
            </Input>
         </List_of_Inputs>
         <List_of_Outputs count="1">
            <Output mandatory="true">
               <File_Type>REP_MBU_</File_Type>
               <File_Name_Type>Regexp</File_Name_Type>
               <File_Name>/data/localWD/123/^.*-mbu-.*$</File_Name>
            </Output>
         </List_of_Outputs>
         <Breakpoint xmlns:xsi="http://www.w3.org/2001/XMLSchema-instance" xsi:type="standardJobOrderBreakpoint">
            <List_of_Brk_Files count="0"/>
            <Enable>OFF</Enable>
         </Breakpoint>
      </Ipf_Proc>
   </List_of_Ipf_Procs>
</Ipf_Job_Order>
