<?xml version="1.0" encoding="UTF-8"?>
<!--
 Copyright 2023 Airbus

 Licensed under the Apache License, Version 2.0 (the "License");
 you may not use this file except in compliance with the License.
 You may obtain a copy of the License at

     http://www.apache.org/licenses/LICENSE-2.0

 Unless required by applicable law or agreed to in writing, software
 distributed under the License is distributed on an "AS IS" BASIS,
 WITHOUT WARRANTIES OR CONDITIONS OF ANY KIND, either express or implied.
 See the License for the specific language governing permissions and
 limitations under the License.
-->

<Ipf_Job_Order>
   <Ipf_Conf xmlns:xsi="http://www.w3.org/2001/XMLSchema-instance" xsi:type="sppObsJobOrderConf">
      <Processor_Name>OBS_PRC_01</Processor_Name>
      <Version>1.11.0</Version>
      <Stdout_Log_Level>INFO</Stdout_Log_Level>
      <Stderr_Log_Level>INFO</Stderr_Log_Level>
      <Test>false</Test>
      <Breakpoint_Enable>false</Breakpoint_Enable>
      <Processing_Station>DPA_</Processing_Station>
      <Sensing_Time>
         <Start>20200121_183236000000</Start>
         <Stop>20200121_215006000000</Stop>
      </Sensing_Time>
      <Config_Files>
         <Conf_File_Name>/usr/local/conf/SPP_OBS_CFG/s1-obs-conffile.xml</Conf_File_Name>
      </Config_Files>
      <Dynamic_Processing_Parameters>
         <Processing_Parameter>
            <Name>selectedOrbitFirstAzimuthTime</Name>
            <Value>2020-01-21T18:32:46.331273</Value>
         </Processing_Parameter>
      </Dynamic_Processing_Parameters>
      <List_of_Dynamic_Processing_Parameters count="1"/>
   </Ipf_Conf>
   <List_of_Ipf_Procs count="1">
      <Ipf_Proc xmlns:xsi="http://www.w3.org/2001/XMLSchema-instance" xsi:type="sppObsJobOrderProc">
         <Task_Name>OBS_TSK</Task_Name>
         <Task_Version>1.11.0</Task_Version>
         <List_of_Inputs count="1">
            <Input>
               <File_Type>AUX_RES</File_Type>
               <File_Name_Type>Physical</File_Name_Type>
               <List_of_File_Names count="1">
                  <File_Name>/data/localWD/129/S1B_OPER_AUX_RESORB_OPOD_20200121T223141_V20200121T183236_20200121T215006.EOF</File_Name>
               </List_of_File_Names>
               <List_of_Time_Intervals count="1">
                  <Time_Interval>
                     <Start>20200121_183236000000</Start>
                     <Stop>20200121_215006000000</Stop>
                     <File_Name>/data/localWD/129/S1B_OPER_AUX_RESORB_OPOD_20200121T223141_V20200121T183236_20200121T215006.EOF</File_Name>
                  </Time_Interval>
               </List_of_Time_Intervals>
            </Input>
         </List_of_Inputs>
         <List_of_Outputs count="1">
            <Output mandatory="true">
               <File_Type>___OBS__SS</File_Type>
               <File_Name_Type>Directory</File_Name_Type>
               <File_Name>/data/localWD/129</File_Name>
            </Output>
         </List_of_Outputs>
         <BreakPoint xmlns:xsi="http://www.w3.org/2001/XMLSchema-instance" xsi:type="sppObsJobOrderBreakpoint">
            <List_of_Brk_Files count="0"/>
         </BreakPoint>
      </Ipf_Proc>
   </List_of_Ipf_Procs>
</Ipf_Job_Order>
